"blank"			"=========================="
"blank"			"#menu_controls_movement"
"blank"			"=========================="
"+forward"				"#menu_controls_forward"
"+back"					"#menu_controls_back"
"+moveleft"				"#menu_controls_moveleft"
"+moveright"			"#menu_controls_moveright"
"+speed"             	"#menu_controls_speed"
"+jump"					"#menu_controls_jump"
"+duck"					"#menu_controls_duck"
"+sprint"					"#menu_controls_sprint"
"+leanleft"					"#menu_leanleft"
"+leanright"					"#menu_leanright"
"blank"			"=========================="
"blank"			"#menu_controls_combatmagic"
"blank"			"=========================="
"+attack"	"#menu_controls_attack"
"+attack2"	"#menu_controls_attack2"
"+kick"	"#menu_controls_kick"
"+zoom"		"#menu_controls_zoom"
"+xana"		"#menu_controls_xana"

"blank"			"=========================="
"blank"			"#menu_controls_misc"
"blank"			"=========================="
"+voicerecord" "#GameUI_Voice"
"togglecharsheet" "#menu_controls_togglecharsheet"
"+use" "#menu_controls_use"
"usebelt1" "#menu_controls_usebelt1"
"usebelt2" "#menu_controls_usebelt2"
"usebelt3" "#menu_controls_usebelt3"
"usebelt4" "#menu_controls_usebelt4"
"usebelt5" "#menu_controls_usebelt5"
"usebelt6" "#menu_controls_usebelt6"
"usebelt7" "#menu_controls_usebelt7"
"usebelt8" "#menu_controls_usebelt8"
"usebelt9" "#menu_controls_usebelt9"
"mm_previtem" "#menu_controls_previtem"
"mm_nextitem" "#menu_controls_nextitem"
"mm_objectives_show" "#menu_controls_mm_objectives_show"
"save quick" "#Valve_Quick_Save"
"load quick" "#Valve_Quick_Load"